<?php return array (
  0 => 'Symfony\\Component\\Routing\\Generator\\UrlGenerator',
  1 => 'Symfony\\Component\\Routing\\RequestContext',
  2 => 'Symfony\\Component\\Routing\\Router',
  3 => 'Symfony\\Bundle\\FrameworkBundle\\Routing\\RedirectableUrlMatcher',
  4 => 'Symfony\\Bundle\\FrameworkBundle\\Routing\\Router',
  5 => 'Symfony\\Component\\Config\\FileLocator',
  6 => 'Symfony\\Component\\EventDispatcher\\Event',
  7 => 'Symfony\\Component\\EventDispatcher\\ContainerAwareEventDispatcher',
  8 => 'Symfony\\Component\\HttpKernel\\EventListener\\ResponseListener',
  9 => 'Symfony\\Component\\HttpKernel\\EventListener\\RouterListener',
  10 => 'Symfony\\Component\\HttpKernel\\Controller\\ControllerResolver',
  11 => 'Symfony\\Component\\HttpKernel\\Event\\KernelEvent',
  12 => 'Symfony\\Component\\HttpKernel\\Event\\FilterControllerEvent',
  13 => 'Symfony\\Component\\HttpKernel\\Event\\FilterResponseEvent',
  14 => 'Symfony\\Component\\HttpKernel\\Event\\GetResponseEvent',
  15 => 'Symfony\\Component\\HttpKernel\\Event\\GetResponseForControllerResultEvent',
  16 => 'Symfony\\Component\\HttpKernel\\Event\\GetResponseForExceptionEvent',
  17 => 'Symfony\\Component\\HttpKernel\\KernelEvents',
  18 => 'Symfony\\Component\\HttpKernel\\Config\\FileLocator',
  19 => 'Symfony\\Bundle\\FrameworkBundle\\Controller\\ControllerNameParser',
  20 => 'Symfony\\Bundle\\FrameworkBundle\\Controller\\ControllerResolver',
  21 => 'Monolog\\Formatter\\FormatterInterface',
  22 => 'Monolog\\Formatter\\LineFormatter',
  23 => 'Monolog\\Handler\\HandlerInterface',
  24 => 'Monolog\\Handler\\AbstractHandler',
  25 => 'Monolog\\Handler\\AbstractProcessingHandler',
  26 => 'Monolog\\Handler\\StreamHandler',
  27 => 'Monolog\\Handler\\FingersCrossedHandler',
  28 => 'Monolog\\Handler\\TestHandler',
  29 => 'Monolog\\Logger',
  30 => 'Symfony\\Bridge\\Monolog\\Logger',
  31 => 'Symfony\\Bridge\\Monolog\\Handler\\DebugHandler',
  32 => 'Monolog\\Handler\\FingersCrossed\\ActivationStrategyInterface',
  33 => 'Monolog\\Handler\\FingersCrossed\\ErrorLevelActivationStrategy',
);